Traceback (most recent call last):
  File "/Users/maca/dev/tales-of-drought/tales-of-drought/lib/python3.12/site-packages/nbclient/client.py", line 782, in _async_poll_for_reply
    msg = await ensure_async(self.kc.shell_channel.get_msg(timeout=new_timeout))
          ^^^^^^^^^^^^^^^^^^^^^^^^^^^^^^^^^^^^^^^^^^^^^^^^^^^^^^^^^^^^^^^^^^^^^^
  File "/Users/maca/dev/tales-of-drought/tales-of-drought/lib/python3.12/site-packages/jupyter_core/utils/__init__.py", line 214, in ensure_async
    result = await obj
             ^^^^^^^^^
  File "/Users/maca/dev/tales-of-drought/tales-of-drought/lib/python3.12/site-packages/jupyter_client/channels.py", line 316, in get_msg
    raise Empty
_queue.Empty

During handling of the above exception, another exception occurred:

Traceback (most recent call last):
  File "/Users/maca/dev/tales-of-drought/tales-of-drought/lib/python3.12/site-packages/jupyter_cache/executors/utils.py", line 58, in single_nb_execution
    executenb(
  File "/Users/maca/dev/tales-of-drought/tales-of-drought/lib/python3.12/site-packages/nbclient/client.py", line 1323, in execute
    return NotebookClient(nb=nb, resources=resources, km=km, **kwargs).execute()
           ^^^^^^^^^^^^^^^^^^^^^^^^^^^^^^^^^^^^^^^^^^^^^^^^^^^^^^^^^^^^^^^^^^^^^
  File "/Users/maca/dev/tales-of-drought/tales-of-drought/lib/python3.12/site-packages/jupyter_core/utils/__init__.py", line 165, in wrapped
    return loop.run_until_complete(inner)
           ^^^^^^^^^^^^^^^^^^^^^^^^^^^^^^
  File "/opt/homebrew/Cellar/python@3.12/3.12.13/Frameworks/Python.framework/Versions/3.12/lib/python3.12/asyncio/base_events.py", line 691, in run_until_complete
    return future.result()
           ^^^^^^^^^^^^^^^
  File "/Users/maca/dev/tales-of-drought/tales-of-drought/lib/python3.12/site-packages/nbclient/client.py", line 709, in async_execute
    await self.async_execute_cell(
  File "/Users/maca/dev/tales-of-drought/tales-of-drought/lib/python3.12/site-packages/nbclient/client.py", line 1005, in async_execute_cell
    exec_reply = await self.task_poll_for_reply
                 ^^^^^^^^^^^^^^^^^^^^^^^^^^^^^^
  File "/Users/maca/dev/tales-of-drought/tales-of-drought/lib/python3.12/site-packages/nbclient/client.py", line 806, in _async_poll_for_reply
    error_on_timeout_execute_reply = await self._async_handle_timeout(timeout, cell)
                                     ^^^^^^^^^^^^^^^^^^^^^^^^^^^^^^^^^^^^^^^^^^^^^^^
  File "/Users/maca/dev/tales-of-drought/tales-of-drought/lib/python3.12/site-packages/nbclient/client.py", line 856, in _async_handle_timeout
    raise CellTimeoutError.error_from_timeout_and_cell(
nbclient.exceptions.CellTimeoutError: A cell timed out while it was being executed, after 500 seconds.
The message was: Cell execution timed out.
Here is a preview of the cell contents:
-------------------
['dataset = "derived-drought-historical-monthly"', 'cds_kwargs = {', "    'url': 'https://cds.climate.copernicus.eu/api',", "    'key': None", '}']
...
["                with zipfile.ZipFile(target, 'r') as zip_ref:", '                    zip_ref.extractall("data/")', '                    os.remove(target)', '        except Exception as e:', '            print(f"Skipped {year}-{month}: {e}")']
-------------------

