Traceback (most recent call last):
  File "/Users/maca/dev/tales-of-drought/tales-of-drought/lib/python3.12/site-packages/jupyter_cache/executors/utils.py", line 58, in single_nb_execution
    executenb(
  File "/Users/maca/dev/tales-of-drought/tales-of-drought/lib/python3.12/site-packages/nbclient/client.py", line 1323, in execute
    return NotebookClient(nb=nb, resources=resources, km=km, **kwargs).execute()
           ^^^^^^^^^^^^^^^^^^^^^^^^^^^^^^^^^^^^^^^^^^^^^^^^^^^^^^^^^^^^^^^^^^^^^
  File "/Users/maca/dev/tales-of-drought/tales-of-drought/lib/python3.12/site-packages/jupyter_core/utils/__init__.py", line 165, in wrapped
    return loop.run_until_complete(inner)
           ^^^^^^^^^^^^^^^^^^^^^^^^^^^^^^
  File "/opt/homebrew/Cellar/python@3.12/3.12.13/Frameworks/Python.framework/Versions/3.12/lib/python3.12/asyncio/base_events.py", line 691, in run_until_complete
    return future.result()
           ^^^^^^^^^^^^^^^
  File "/Users/maca/dev/tales-of-drought/tales-of-drought/lib/python3.12/site-packages/nbclient/client.py", line 709, in async_execute
    await self.async_execute_cell(
  File "/Users/maca/dev/tales-of-drought/tales-of-drought/lib/python3.12/site-packages/nbclient/client.py", line 1062, in async_execute_cell
    await self._check_raise_for_error(cell, cell_index, exec_reply)
  File "/Users/maca/dev/tales-of-drought/tales-of-drought/lib/python3.12/site-packages/nbclient/client.py", line 918, in _check_raise_for_error
    raise CellExecutionError.from_cell_and_msg(cell, exec_reply_content)
nbclient.exceptions.CellExecutionError: An error occurred while executing the following cell:
------------------
spi1 = get_spi_dataset(acc_period=1, years=[2016, 2017, 2018, 2019, 2020])
spi12 = get_spi_dataset(acc_period=12, years=[2016, 2017, 2018, 2019, 2020])
spei1 = get_spei_dataset(acc_period=1, years=[2016, 2017, 2018, 2019, 2020])
spei12 = get_spei_dataset(acc_period=12, years=[2016, 2017, 2018, 2019, 2020])

# Subset data for Madagascar
spi1_madagascar = mask_invalid_values(subset_madagascar(spi1, variable='SPI1'), variable='SPI1')
spi12_madagascar = mask_invalid_values(subset_madagascar(spi12, variable='SPI12'), variable='SPI12')
spei1_madagascar = mask_invalid_values(subset_madagascar(spei1, variable='SPEI1'), variable='SPEI1')
spei12_madagascar = mask_invalid_values(subset_madagascar(spei12, variable='SPEI12'), variable='SPEI12')

spei1_significance = get_spei_significance_dataset(year=2020)
spi1_significance = get_spi_significance_dataset(year=2020)

spei1_significance_madagascar = mask_invalid_values(subset_madagascar(spei1_significance, variable='significance'), variable='significance', value=0.)
spi1_significance_madagascar = mask_invalid_values(subset_madagascar(spi1_significance, variable='significance'), variable='significance', value=0.)
------------------


[31m---------------------------------------------------------------------------[39m
[31mOSError[39m                                   Traceback (most recent call last)
[36mCell[39m[36m [39m[32mIn[4][39m[32m, line 1[39m
[32m----> [39m[32m1[39m spi1 = [43mget_spi_dataset[49m[43m([49m[43macc_period[49m[43m=[49m[32;43m1[39;49m[43m,[49m[43m [49m[43myears[49m[43m=[49m[43m[[49m[32;43m2016[39;49m[43m,[49m[43m [49m[32;43m2017[39;49m[43m,[49m[43m [49m[32;43m2018[39;49m[43m,[49m[43m [49m[32;43m2019[39;49m[43m,[49m[43m [49m[32;43m2020[39;49m[43m][49m[43m)[49m
[32m      2[39m spi12 = get_spi_dataset(acc_period=[32m12[39m, years=[[32m2016[39m, [32m2017[39m, [32m2018[39m, [32m2019[39m, [32m2020[39m])
[32m      3[39m spei1 = get_spei_dataset(acc_period=[32m1[39m, years=[[32m2016[39m, [32m2017[39m, [32m2018[39m, [32m2019[39m, [32m2020[39m])

[36mCell[39m[36m [39m[32mIn[2][39m[32m, line 10[39m, in [36mget_spi_dataset[39m[34m(acc_period, years)[39m
[32m      6[39m [38;5;28;01mfor[39;00m year [38;5;129;01min[39;00m years:
[32m      7[39m     spi_paths.extend([38;5;28msorted[39m(glob.glob(
[32m      8[39m         [33mf[39m[33m'[39m[38;5;132;01m{[39;00mdata_root_folder[38;5;132;01m}[39;00m[33mspi[39m[38;5;132;01m{[39;00macc_period[38;5;132;01m}[39;00m[33m/SPI[39m[38;5;132;01m{[39;00macc_period[38;5;132;01m}[39;00m[33m_gamma_global_era5_moda_ref1991to2020_[39m[38;5;132;01m{[39;00myear[38;5;132;01m}[39;00m[33m*.nc[39m[33m'[39m)))
[32m---> [39m[32m10[39m [38;5;28;01mreturn[39;00m [43mxr[49m[43m.[49m[43mopen_mfdataset[49m[43m([49m[43mspi_paths[49m[43m,[49m[43m [49m[43mchunks[49m[43m=[49m[43m{[49m[33;43m'[39;49m[33;43mtime[39;49m[33;43m'[39;49m[43m:[49m[43m [49m[33;43m"[39;49m[33;43mauto[39;49m[33;43m"[39;49m[43m}[49m[43m,[49m[43m [49m[43mconcat_dim[49m[43m=[49m[33;43m"[39;49m[33;43mtime[39;49m[33;43m"[39;49m[43m,[49m[43m [49m[43mcombine[49m[43m=[49m[33;43m'[39;49m[33;43mnested[39;49m[33;43m'[39;49m[43m,[49m[43m [49m[43mparallel[49m[43m=[49m[38;5;28;43;01mFalse[39;49;00m[43m)[49m

[36mFile [39m[32m~/dev/tales-of-drought/tales-of-drought/lib/python3.12/site-packages/xarray/backends/api.py:1591[39m, in [36mopen_mfdataset[39m[34m(paths, chunks, concat_dim, compat, preprocess, engine, data_vars, coords, combine, parallel, join, attrs_file, combine_attrs, errors, **kwargs)[39m
[32m   1588[39m paths = _find_absolute_paths(paths, engine=engine, **kwargs)
[32m   1590[39m [38;5;28;01mif[39;00m [38;5;129;01mnot[39;00m paths:
[32m-> [39m[32m1591[39m     [38;5;28;01mraise[39;00m [38;5;167;01mOSError[39;00m([33m"[39m[33mno files to open[39m[33m"[39m)
[32m   1593[39m paths1d: [38;5;28mlist[39m[[38;5;28mstr[39m | ReadBuffer]
[32m   1594[39m [38;5;28;01mif[39;00m combine == [33m"[39m[33mnested[39m[33m"[39m:

[31mOSError[39m: no files to open

