Traceback (most recent call last):
  File "/Users/maca/dev/tales-of-drought/tales-of-drought/lib/python3.12/site-packages/jupyter_cache/executors/utils.py", line 58, in single_nb_execution
    executenb(
  File "/Users/maca/dev/tales-of-drought/tales-of-drought/lib/python3.12/site-packages/nbclient/client.py", line 1323, in execute
    return NotebookClient(nb=nb, resources=resources, km=km, **kwargs).execute()
           ^^^^^^^^^^^^^^^^^^^^^^^^^^^^^^^^^^^^^^^^^^^^^^^^^^^^^^^^^^^^^^^^^^^^^
  File "/Users/maca/dev/tales-of-drought/tales-of-drought/lib/python3.12/site-packages/jupyter_core/utils/__init__.py", line 165, in wrapped
    return loop.run_until_complete(inner)
           ^^^^^^^^^^^^^^^^^^^^^^^^^^^^^^
  File "/opt/homebrew/Cellar/python@3.12/3.12.13/Frameworks/Python.framework/Versions/3.12/lib/python3.12/asyncio/base_events.py", line 691, in run_until_complete
    return future.result()
           ^^^^^^^^^^^^^^^
  File "/Users/maca/dev/tales-of-drought/tales-of-drought/lib/python3.12/site-packages/nbclient/client.py", line 709, in async_execute
    await self.async_execute_cell(
  File "/Users/maca/dev/tales-of-drought/tales-of-drought/lib/python3.12/site-packages/nbclient/client.py", line 1062, in async_execute_cell
    await self._check_raise_for_error(cell, cell_index, exec_reply)
  File "/Users/maca/dev/tales-of-drought/tales-of-drought/lib/python3.12/site-packages/nbclient/client.py", line 918, in _check_raise_for_error
    raise CellExecutionError.from_cell_and_msg(cell, exec_reply_content)
nbclient.exceptions.CellExecutionError: An error occurred while executing the following cell:
------------------
output_file, missing_file = create_country_list_json()
print(f"Data has been successfully saved to {output_file}")
print(f"Missing countries have been saved to {missing_file}")
------------------


[31m---------------------------------------------------------------------------[39m
[31mFileNotFoundError[39m                         Traceback (most recent call last)
[36mCell[39m[36m [39m[32mIn[5][39m[32m, line 1[39m
[32m----> [39m[32m1[39m output_file, missing_file = [43mcreate_country_list_json[49m[43m([49m[43m)[49m
[32m      2[39m [38;5;28mprint[39m([33mf[39m[33m"[39m[33mData has been successfully saved to [39m[38;5;132;01m{[39;00moutput_file[38;5;132;01m}[39;00m[33m"[39m)
[32m      3[39m [38;5;28mprint[39m([33mf[39m[33m"[39m[33mMissing countries have been saved to [39m[38;5;132;01m{[39;00mmissing_file[38;5;132;01m}[39;00m[33m"[39m)

[36mCell[39m[36m [39m[32mIn[4][39m[32m, line 101[39m, in [36mcreate_country_list_json[39m[34m(directory_path)[39m
[32m    100[39m [38;5;28;01mdef[39;00m[38;5;250m [39m[34mcreate_country_list_json[39m(directory_path=[33m'[39m[33mcountry-geojson[39m[33m'[39m):
[32m--> [39m[32m101[39m     geojson_files = [43mlist_geojson_files[49m[43m([49m[43mdirectory_path[49m[43m)[49m
[32m    102[39m     countries, adm1_subareas, adm2_subareas = separate_files_by_adm_level(geojson_files, directory_path)
[32m    104[39m     country_list, initial_missing_countries = process_countries(countries, adm1_subareas, adm2_subareas)

[36mCell[39m[36m [39m[32mIn[4][39m[32m, line 2[39m, in [36mlist_geojson_files[39m[34m(directory_path)[39m
[32m      1[39m [38;5;28;01mdef[39;00m[38;5;250m [39m[34mlist_geojson_files[39m(directory_path):
[32m----> [39m[32m2[39m     [38;5;28;01mreturn[39;00m [f [38;5;28;01mfor[39;00m f [38;5;129;01min[39;00m [43mos[49m[43m.[49m[43mlistdir[49m[43m([49m[43mdirectory_path[49m[43m)[49m [38;5;28;01mif[39;00m f.endswith([33m'[39m[33m.geojson[39m[33m'[39m)]

[31mFileNotFoundError[39m: [Errno 2] No such file or directory: 'country-geojson'

